Analyzing mafqood...                                            

   info - 'withOpacity' is deprecated and shouldn't be used. Use .withValues() to avoid precision loss - lib\core\theme\app_theme.dart:68:42 - deprecated_member_use
   info - 'withOpacity' is deprecated and shouldn't be used. Use .withValues() to avoid precision loss - lib\features\account\presentation\pages\active_family_care_page.dart:87:43 - deprecated_member_use
   info - 'withOpacity' is deprecated and shouldn't be used. Use .withValues() to avoid precision loss - lib\features\account\presentation\pages\active_family_care_page.dart:177:43 - deprecated_member_use
   info - 'withOpacity' is deprecated and shouldn't be used. Use .withValues() to avoid precision loss - lib\features\account\presentation\pages\active_family_care_page.dart:335:33 - deprecated_member_use
   info - 'withOpacity' is deprecated and shouldn't be used. Use .withValues() to avoid precision loss - lib\features\account\presentation\pages\donation_page.dart:112:51 - deprecated_member_use
  error - Expected an identifier - lib\features\account\presentation\pages\edit_profile_page.dart:38:39 - missing_identifier
  error - Expected to find ';' - lib\features\account\presentation\pages\edit_profile_page.dart:38:39 - expected_token
  error - Expected to find ';' - lib\features\account\presentation\pages\edit_profile_page.dart:38:40 - expected_token
  error - Undefined name 'n' - lib\features\account\presentation\pages\edit_profile_page.dart:38:40 - undefined_identifier
  error - Expected an identifier - lib\features\account\presentation\pages\edit_profile_page.dart:38:77 - missing_identifier
  error - Expected to find ';' - lib\features\account\presentation\pages\edit_profile_page.dart:38:77 - expected_token
  error - Expected to find ';' - lib\features\account\presentation\pages\edit_profile_page.dart:38:78 - expected_token
  error - Undefined name 'n' - lib\features\account\presentation\pages\edit_profile_page.dart:38:78 - undefined_identifier
  error - Invalid constant value - lib\features\account\presentation\pages\edit_profile_page.dart:50:22 - invalid_constant
  error - Invalid constant value - lib\features\account\presentation\pages\edit_profile_page.dart:56:62 - invalid_constant
  error - Invalid constant value - lib\features\account\presentation\pages\edit_profile_page.dart:90:40 - invalid_constant
   info - 'withOpacity' is deprecated and shouldn't be used. Use .withValues() to avoid precision loss - lib\features\account\presentation\pages\edit_profile_page.dart:112:68 - deprecated_member_use
  error - Invalid constant value - lib\features\account\presentation\pages\edit_profile_page.dart:121:42 - invalid_constant
  error - Invalid constant value - lib\features\account\presentation\pages\edit_profile_page.dart:174:42 - invalid_constant
  error - The getter 'onSurface38' isn't defined for the type 'ColorScheme' - lib\features\account\presentation\pages\edit_profile_page.dart:174:54 - undefined_getter
  error - Methods can't be invoked in constant expressions - lib\features\account\presentation\pages\edit_profile_page.dart:203:44 - const_eval_method_invocation
   info - 'withOpacity' is deprecated and shouldn't be used. Use .withValues() to avoid precision loss - lib\features\account\presentation\pages\edit_profile_page.dart:203:66 - deprecated_member_use
  error - The getter 'scaffoldBackgroundColor0' isn't defined for the type 'ThemeData' - lib\features\account\presentation\pages\edit_profile_page.dart:209:48 - undefined_getter
  error - Invalid constant value - lib\features\account\presentation\pages\edit_profile_page.dart:243:30 - invalid_constant
  error - Undefined name 'theme' - lib\features\account\presentation\pages\edit_profile_page.dart:263:35 - undefined_identifier
  error - Invalid constant value - lib\features\account\presentation\pages\edit_profile_page.dart:271:45 - invalid_constant
  error - Undefined name 'colorScheme' - lib\features\account\presentation\pages\edit_profile_page.dart:271:45 - undefined_identifier
  error - Expected an identifier - lib\features\account\presentation\pages\family_care_page.dart:9:39 - missing_identifier
  error - Expected to find ';' - lib\features\account\presentation\pages\family_care_page.dart:9:39 - expected_token
  error - Expected to find ';' - lib\features\account\presentation\pages\family_care_page.dart:9:40 - expected_token
  error - Undefined name 'n' - lib\features\account\presentation\pages\family_care_page.dart:9:40 - undefined_identifier
  error - Expected an identifier - lib\features\account\presentation\pages\family_care_page.dart:9:77 - missing_identifier
  error - Expected to find ';' - lib\features\account\presentation\pages\family_care_page.dart:9:77 - expected_token
  error - Expected to find ';' - lib\features\account\presentation\pages\family_care_page.dart:9:78 - expected_token
  error - Undefined name 'n' - lib\features\account\presentation\pages\family_care_page.dart:9:78 - undefined_identifier
  error - Invalid constant value - lib\features\account\presentation\pages\family_care_page.dart:21:22 - invalid_constant
  error - Invalid constant value - lib\features\account\presentation\pages\family_care_page.dart:27:62 - invalid_constant
  error - Invalid constant value - lib\features\account\presentation\pages\family_care_page.dart:60:24 - invalid_constant
  error - Methods can't be invoked in constant expressions - lib\features\account\presentation\pages\family_care_page.dart:74:26 - const_eval_method_invocation
   info - 'withOpacity' is deprecated and shouldn't be used. Use .withValues() to avoid precision loss - lib\features\account\presentation\pages\family_care_page.dart:74:48 - deprecated_member_use
  error - Invalid constant value - lib\features\account\presentation\pages\family_care_page.dart:109:30 - invalid_constant
  error - Expected an identifier - lib\features\account\presentation\pages\family_care_subscription_page.dart:30:39 - missing_identifier
  error - Expected to find ';' - lib\features\account\presentation\pages\family_care_subscription_page.dart:30:39 - expected_token
  error - Expected to find ';' - lib\features\account\presentation\pages\family_care_subscription_page.dart:30:40 - expected_token
  error - Undefined name 'n' - lib\features\account\presentation\pages\family_care_subscription_page.dart:30:40 - undefined_identifier
  error - Expected an identifier - lib\features\account\presentation\pages\family_care_subscription_page.dart:30:77 - missing_identifier
  error - Expected to find ';' - lib\features\account\presentation\pages\family_care_subscription_page.dart:30:77 - expected_token
  error - Expected to find ';' - lib\features\account\presentation\pages\family_care_subscription_page.dart:30:78 - expected_token
  error - Undefined name 'n' - lib\features\account\presentation\pages\family_care_subscription_page.dart:30:78 - undefined_identifier
  error - Invalid constant value - lib\features\account\presentation\pages\family_care_subscription_page.dart:77:34 - invalid_constant
  error - Methods can't be invoked in constant expressions - lib\features\account\presentation\pages\family_care_subscription_page.dart:89:34 - const_eval_method_invocation
   info - 'withOpacity' is deprecated and shouldn't be used. Use .withValues() to avoid precision loss - lib\features\account\presentation\pages\family_care_subscription_page.dart:89:56 - deprecated_member_use
  error - Expected an identifier - lib\features\account\presentation\pages\family_care_subscription_page.dart:180:39 - missing_identifier
  error - Expected to find ';' - lib\features\account\presentation\pages\family_care_subscription_page.dart:180:39 - expected_token
  error - Expected to find ';' - lib\features\account\presentation\pages\family_care_subscription_page.dart:180:40 - expected_token
  error - Undefined name 'n' - lib\features\account\presentation\pages\family_care_subscription_page.dart:180:40 - undefined_identifier
  error - Expected an identifier - lib\features\account\presentation\pages\family_care_subscription_page.dart:180:77 - missing_identifier
  error - Expected to find ';' - lib\features\account\presentation\pages\family_care_subscription_page.dart:180:77 - expected_token
  error - Expected to find ';' - lib\features\account\presentation\pages\family_care_subscription_page.dart:180:78 - expected_token
  error - Undefined name 'n' - lib\features\account\presentation\pages\family_care_subscription_page.dart:180:78 - undefined_identifier
  error - Invalid constant value - lib\features\account\presentation\pages\family_care_subscription_page.dart:186:57 - invalid_constant
  error - Expected an identifier - lib\features\account\presentation\pages\family_care_subscription_page.dart:213:39 - missing_identifier
  error - Expected to find ';' - lib\features\account\presentation\pages\family_care_subscription_page.dart:213:39 - expected_token
  error - Expected to find ';' - lib\features\account\presentation\pages\family_care_subscription_page.dart:213:40 - expected_token
  error - Undefined name 'n' - lib\features\account\presentation\pages\family_care_subscription_page.dart:213:40 - undefined_identifier
  error - Expected an identifier - lib\features\account\presentation\pages\family_care_subscription_page.dart:213:77 - missing_identifier
  error - Expected to find ';' - lib\features\account\presentation\pages\family_care_subscription_page.dart:213:77 - expected_token
  error - Expected to find ';' - lib\features\account\presentation\pages\family_care_subscription_page.dart:213:78 - expected_token
  error - Undefined name 'n' - lib\features\account\presentation\pages\family_care_subscription_page.dart:213:78 - undefined_identifier
   info - 'withOpacity' is deprecated and shouldn't be used. Use .withValues() to avoid precision loss - lib\features\account\presentation\pages\family_care_subscription_page.dart:256:81 - deprecated_member_use
   info - 'withOpacity' is deprecated and shouldn't be used. Use .withValues() to avoid precision loss - lib\features\account\presentation\pages\family_care_subscription_page.dart:272:85 - deprecated_member_use
   info - 'withOpacity' is deprecated and shouldn't be used. Use .withValues() to avoid precision loss - lib\features\account\presentation\pages\family_care_subscription_page.dart:281:85 - deprecated_member_use
   info - 'withOpacity' is deprecated and shouldn't be used. Use .withValues() to avoid precision loss - lib\features\account\presentation\pages\member_details_page.dart:81:53 - deprecated_member_use
  error - Expected an identifier - lib\features\account\presentation\pages\member_emergency_page.dart:23:39 - missing_identifier
  error - Expected to find ';' - lib\features\account\presentation\pages\member_emergency_page.dart:23:39 - expected_token
  error - Expected to find ';' - lib\features\account\presentation\pages\member_emergency_page.dart:23:40 - expected_token
  error - Undefined name 'n' - lib\features\account\presentation\pages\member_emergency_page.dart:23:40 - undefined_identifier
  error - Expected an identifier - lib\features\account\presentation\pages\member_emergency_page.dart:23:77 - missing_identifier
  error - Expected to find ';' - lib\features\account\presentation\pages\member_emergency_page.dart:23:77 - expected_token
  error - Expected to find ';' - lib\features\account\presentation\pages\member_emergency_page.dart:23:78 - expected_token
  error - Undefined name 'n' - lib\features\account\presentation\pages\member_emergency_page.dart:23:78 - undefined_identifier
  error - The prefix 'colorScheme' can't be used here because it's shadowed by a local declaration - lib\features\account\presentation\pages\member_emergency_page.dart:29:34 - prefix_shadowed_by_local_declaration
  error - Expected to find '(' - lib\features\account\presentation\pages\member_emergency_page.dart:29:46 - expected_token
  error - Invalid constant value - lib\features\account\presentation\pages\member_emergency_page.dart:32:62 - invalid_constant
  error - Invalid constant value - lib\features\account\presentation\pages\member_emergency_page.dart:37:37 - invalid_constant
  error - Invalid constant value - lib\features\account\presentation\pages\member_emergency_page.dart:42:57 - invalid_constant
  error - The getter 'scaffoldBackgroundColor54' isn't defined for the type 'ThemeData' - lib\features\account\presentation\pages\member_emergency_page.dart:42:63 - undefined_getter
  error - Invalid constant value - lib\features\account\presentation\pages\member_emergency_page.dart:70:28 - invalid_constant
   info - 'withOpacity' is deprecated and shouldn't be used. Use .withValues() to avoid precision loss - lib\features\account\presentation\pages\member_emergency_page.dart:87:54 - deprecated_member_use
   info - Unnecessary use of multiple underscores - lib\features\account\presentation\pages\member_emergency_page.dart:107:57 - unnecessary_underscores
  error - Invalid constant value - lib\features\account\presentation\pages\member_emergency_page.dart:109:67 - invalid_constant
  error - Methods can't be invoked in constant expressions - lib\features\account\presentation\pages\member_emergency_page.dart:148:40 - const_eval_method_invocation
   info - 'withOpacity' is deprecated and shouldn't be used. Use .withValues() to avoid precision loss - lib\features\account\presentation\pages\member_emergency_page.dart:148:62 - deprecated_member_use
   info - Unnecessary use of multiple underscores - lib\features\account\presentation\pages\member_location_page.dart:66:51 - unnecessary_underscores
   info - 'withOpacity' is deprecated and shouldn't be used. Use .withValues() to avoid precision loss - lib\features\account\presentation\pages\member_location_page.dart:103:43 - deprecated_member_use
   info - 'withOpacity' is deprecated and shouldn't be used. Use .withValues() to avoid precision loss - lib\features\account\presentation\pages\member_location_page.dart:181:30 - deprecated_member_use
   info - 'withOpacity' is deprecated and shouldn't be used. Use .withValues() to avoid precision loss - lib\features\account\presentation\pages\member_movements_page.dart:52:55 - deprecated_member_use
  error - Expected an identifier - lib\features\account\presentation\pages\my_posts_page.dart:8:39 - missing_identifier
  error - Expected to find ';' - lib\features\account\presentation\pages\my_posts_page.dart:8:39 - expected_token
  error - Expected to find ';' - lib\features\account\presentation\pages\my_posts_page.dart:8:40 - expected_token
  error - Undefined name 'n' - lib\features\account\presentation\pages\my_posts_page.dart:8:40 - undefined_identifier
  error - Expected an identifier - lib\features\account\presentation\pages\my_posts_page.dart:8:77 - missing_identifier
  error - Expected to find ';' - lib\features\account\presentation\pages\my_posts_page.dart:8:77 - expected_token
  error - Expected to find ';' - lib\features\account\presentation\pages\my_posts_page.dart:8:78 - expected_token
  error - Undefined name 'n' - lib\features\account\presentation\pages\my_posts_page.dart:8:78 - undefined_identifier
  error - Invalid constant value - lib\features\account\presentation\pages\my_posts_page.dart:50:22 - invalid_constant
  error - Invalid constant value - lib\features\account\presentation\pages\my_posts_page.dart:56:62 - invalid_constant
  error - Invalid constant value - lib\features\account\presentation\pages\my_posts_page.dart:74:30 - invalid_constant
  error - Expected an identifier - lib\features\account\presentation\pages\my_posts_page.dart:125:39 - missing_identifier
  error - Expected to find ';' - lib\features\account\presentation\pages\my_posts_page.dart:125:39 - expected_token
  error - Expected to find ';' - lib\features\account\presentation\pages\my_posts_page.dart:125:40 - expected_token
  error - Undefined name 'n' - lib\features\account\presentation\pages\my_posts_page.dart:125:40 - undefined_identifier
  error - Expected an identifier - lib\features\account\presentation\pages\my_posts_page.dart:125:77 - missing_identifier
  error - Expected to find ';' - lib\features\account\presentation\pages\my_posts_page.dart:125:77 - expected_token
  error - Expected to find ';' - lib\features\account\presentation\pages\my_posts_page.dart:125:78 - expected_token
  error - Undefined name 'n' - lib\features\account\presentation\pages\my_posts_page.dart:125:78 - undefined_identifier
  error - Methods can't be invoked in constant expressions - lib\features\account\presentation\pages\my_posts_page.dart:130:41 - const_eval_method_invocation
   info - 'withOpacity' is deprecated and shouldn't be used. Use .withValues() to avoid precision loss - lib\features\account\presentation\pages\my_posts_page.dart:130:63 - deprecated_member_use
  error - Expected an identifier - lib\features\account\presentation\pages\my_posts_page.dart:220:39 - missing_identifier
  error - Expected to find ';' - lib\features\account\presentation\pages\my_posts_page.dart:220:39 - expected_token
  error - Expected to find ';' - lib\features\account\presentation\pages\my_posts_page.dart:220:40 - expected_token
  error - Undefined name 'n' - lib\features\account\presentation\pages\my_posts_page.dart:220:40 - undefined_identifier
  error - Expected an identifier - lib\features\account\presentation\pages\my_posts_page.dart:220:77 - missing_identifier
  error - Expected to find ';' - lib\features\account\presentation\pages\my_posts_page.dart:220:77 - expected_token
  error - Expected to find ';' - lib\features\account\presentation\pages\my_posts_page.dart:220:78 - expected_token
  error - Undefined name 'n' - lib\features\account\presentation\pages\my_posts_page.dart:220:78 - undefined_identifier
   info - 'withOpacity' is deprecated and shouldn't be used. Use .withValues() to avoid precision loss - lib\features\account\presentation\pages\my_posts_page.dart:230:42 - deprecated_member_use
  error - Invalid constant value - lib\features\account\presentation\pages\my_posts_page.dart:251:30 - invalid_constant
  error - Invalid constant value - lib\features\account\presentation\pages\my_posts_page.dart:266:64 - invalid_constant
  error - The getter 'onSurface38' isn't defined for the type 'ColorScheme' - lib\features\account\presentation\pages\my_posts_page.dart:266:76 - undefined_getter
  error - Invalid constant value - lib\features\account\presentation\pages\my_posts_page.dart:280:30 - invalid_constant
  error - Invalid constant value - lib\features\account\presentation\pages\my_posts_page.dart:301:28 - invalid_constant
  error - Invalid constant value - lib\features\account\presentation\pages\my_posts_page.dart:310:34 - invalid_constant
  error - The getter 'onSurface45' isn't defined for the type 'ColorScheme' - lib\features\account\presentation\pages\my_posts_page.dart:310:46 - undefined_getter
   info - 'withOpacity' is deprecated and shouldn't be used. Use .withValues() to avoid precision loss - lib\features\account\presentation\pages\my_posts_page.dart:369:54 - deprecated_member_use
  error - Invalid constant value - lib\features\account\presentation\pages\my_posts_page.dart:383:28 - invalid_constant
  error - Expected an identifier - lib\features\account\presentation\pages\my_posts_page.dart:412:39 - missing_identifier
  error - Expected to find ';' - lib\features\account\presentation\pages\my_posts_page.dart:412:39 - expected_token
  error - Expected to find ';' - lib\features\account\presentation\pages\my_posts_page.dart:412:40 - expected_token
  error - Undefined name 'n' - lib\features\account\presentation\pages\my_posts_page.dart:412:40 - undefined_identifier
  error - Expected an identifier - lib\features\account\presentation\pages\my_posts_page.dart:412:77 - missing_identifier
  error - Expected to find ';' - lib\features\account\presentation\pages\my_posts_page.dart:412:77 - expected_token
  error - Expected to find ';' - lib\features\account\presentation\pages\my_posts_page.dart:412:78 - expected_token
  error - Undefined name 'n' - lib\features\account\presentation\pages\my_posts_page.dart:412:78 - undefined_identifier
  error - The getter 'onSurface45' isn't defined for the type 'ColorScheme' - lib\features\account\presentation\pages\my_posts_page.dart:420:57 - undefined_getter
   info - 'withOpacity' is deprecated and shouldn't be used. Use .withValues() to avoid precision loss - lib\features\account\presentation\pages\my_posts_page.dart:427:69 - deprecated_member_use
  error - Expected an identifier - lib\features\account\presentation\pages\saved_posts_page.dart:8:39 - missing_identifier
  error - Expected to find ';' - lib\features\account\presentation\pages\saved_posts_page.dart:8:39 - expected_token
  error - Expected to find ';' - lib\features\account\presentation\pages\saved_posts_page.dart:8:40 - expected_token
  error - Undefined name 'n' - lib\features\account\presentation\pages\saved_posts_page.dart:8:40 - undefined_identifier
  error - Expected an identifier - lib\features\account\presentation\pages\saved_posts_page.dart:8:77 - missing_identifier
  error - Expected to find ';' - lib\features\account\presentation\pages\saved_posts_page.dart:8:77 - expected_token
  error - Expected to find ';' - lib\features\account\presentation\pages\saved_posts_page.dart:8:78 - expected_token
  error - Undefined name 'n' - lib\features\account\presentation\pages\saved_posts_page.dart:8:78 - undefined_identifier
  error - Invalid constant value - lib\features\account\presentation\pages\saved_posts_page.dart:45:22 - invalid_constant
  error - Invalid constant value - lib\features\account\presentation\pages\saved_posts_page.dart:51:62 - invalid_constant
  error - Expected an identifier - lib\features\account\presentation\pages\saved_posts_page.dart:89:39 - missing_identifier
  error - Expected to find ';' - lib\features\account\presentation\pages\saved_posts_page.dart:89:39 - expected_token
  error - Expected to find ';' - lib\features\account\presentation\pages\saved_posts_page.dart:89:40 - expected_token
  error - Undefined name 'n' - lib\features\account\presentation\pages\saved_posts_page.dart:89:40 - undefined_identifier
  error - Expected an identifier - lib\features\account\presentation\pages\saved_posts_page.dart:89:77 - missing_identifier
  error - Expected to find ';' - lib\features\account\presentation\pages\saved_posts_page.dart:89:77 - expected_token
  error - Expected to find ';' - lib\features\account\presentation\pages\saved_posts_page.dart:89:78 - expected_token
  error - Undefined name 'n' - lib\features\account\presentation\pages\saved_posts_page.dart:89:78 - undefined_identifier
   info - 'withOpacity' is deprecated and shouldn't be used. Use .withValues() to avoid precision loss - lib\features\account\presentation\pages\saved_posts_page.dart:98:42 - deprecated_member_use
  error - Invalid constant value - lib\features\account\presentation\pages\saved_posts_page.dart:144:34 - invalid_constant
  error - Methods can't be invoked in constant expressions - lib\features\account\presentation\pages\saved_posts_page.dart:165:28 - const_eval_method_invocation
   info - 'withOpacity' is deprecated and shouldn't be used. Use .withValues() to avoid precision loss - lib\features\account\presentation\pages\saved_posts_page.dart:165:50 - deprecated_member_use
  error - Invalid constant value - lib\features\account\presentation\pages\saved_posts_page.dart:185:24 - invalid_constant
warning - Unused import: 'package:mafqood/constants.dart' - lib\features\account\presentation\pages\settings_page.dart:3:8 - unused_import
  error - Methods can't be invoked in constant expressions - lib\features\account\presentation\pages\settings_page.dart:117:55 - const_eval_method_invocation
   info - 'withOpacity' is deprecated and shouldn't be used. Use .withValues() to avoid precision loss - lib\features\account\presentation\pages\settings_page.dart:117:77 - deprecated_member_use
   info - 'activeColor' is deprecated and shouldn't be used. Use activeThumbColor instead. This feature was deprecated after v3.31.0-2.0.pre - lib\features\account\presentation\pages\settings_page.dart:146:23 - deprecated_member_use
   info - 'activeColor' is deprecated and shouldn't be used. Use activeThumbColor instead. This feature was deprecated after v3.31.0-2.0.pre - lib\features\account\presentation\pages\settings_page.dart:180:23 - deprecated_member_use
  error - Expected an identifier - lib\features\account\presentation\pages\subscription_checkout_page.dart:65:39 - missing_identifier
  error - Expected to find ';' - lib\features\account\presentation\pages\subscription_checkout_page.dart:65:39 - expected_token
  error - Expected to find ';' - lib\features\account\presentation\pages\subscription_checkout_page.dart:65:40 - expected_token
  error - Undefined name 'n' - lib\features\account\presentation\pages\subscription_checkout_page.dart:65:40 - undefined_identifier
  error - Expected an identifier - lib\features\account\presentation\pages\subscription_checkout_page.dart:65:77 - missing_identifier
  error - Expected to find ';' - lib\features\account\presentation\pages\subscription_checkout_page.dart:65:77 - expected_token
  error - Expected to find ';' - lib\features\account\presentation\pages\subscription_checkout_page.dart:65:78 - expected_token
  error - Undefined name 'n' - lib\features\account\presentation\pages\subscription_checkout_page.dart:65:78 - undefined_identifier
  error - Invalid constant value - lib\features\account\presentation\pages\subscription_checkout_page.dart:77:22 - invalid_constant
  error - Invalid constant value - lib\features\account\presentation\pages\subscription_checkout_page.dart:83:62 - invalid_constant
   info - 'withOpacity' is deprecated and shouldn't be used. Use .withValues() to avoid precision loss - lib\features\account\presentation\pages\subscription_checkout_page.dart:173:61 - deprecated_member_use
  error - Invalid constant value - lib\features\account\presentation\pages\subscription_checkout_page.dart:222:30 - invalid_constant
  error - Invalid constant value - lib\features\account\presentation\pages\subscription_checkout_page.dart:266:35 - invalid_constant
  error - Undefined name 'colorScheme' - lib\features\account\presentation\pages\subscription_checkout_page.dart:266:35 - undefined_identifier
  error - Invalid constant value - lib\features\account\presentation\pages\subscription_checkout_page.dart:285:45 - invalid_constant
  error - Undefined name 'colorScheme' - lib\features\account\presentation\pages\subscription_checkout_page.dart:285:45 - undefined_identifier
  error - Invalid constant value - lib\features\account\presentation\pages\subscription_checkout_page.dart:305:45 - invalid_constant
  error - Undefined name 'colorScheme' - lib\features\account\presentation\pages\subscription_checkout_page.dart:305:45 - undefined_identifier
  error - Invalid constant value - lib\features\account\presentation\pages\subscription_checkout_page.dart:337:35 - invalid_constant
  error - Undefined name 'colorScheme' - lib\features\account\presentation\pages\subscription_checkout_page.dart:337:35 - undefined_identifier
  error - Invalid constant value - lib\features\account\presentation\pages\subscription_checkout_page.dart:363:35 - invalid_constant
  error - Undefined name 'colorScheme' - lib\features\account\presentation\pages\subscription_checkout_page.dart:363:35 - undefined_identifier
  error - Invalid constant value - lib\features\account\presentation\pages\subscription_checkout_page.dart:382:45 - invalid_constant
  error - Undefined name 'colorScheme' - lib\features\account\presentation\pages\subscription_checkout_page.dart:382:45 - undefined_identifier
  error - Invalid constant value - lib\features\account\presentation\pages\subscription_checkout_page.dart:402:45 - invalid_constant
  error - Undefined name 'colorScheme' - lib\features\account\presentation\pages\subscription_checkout_page.dart:402:45 - undefined_identifier
  error - Invalid constant value - lib\features\account\presentation\pages\subscription_checkout_page.dart:428:24 - invalid_constant
  error - Undefined name 'colorScheme' - lib\features\account\presentation\pages\subscription_checkout_page.dart:428:24 - undefined_identifier
  error - Invalid constant value - lib\features\account\presentation\pages\subscription_checkout_page.dart:436:35 - invalid_constant
  error - Undefined name 'colorScheme' - lib\features\account\presentation\pages\subscription_checkout_page.dart:436:35 - undefined_identifier
  error - Undefined name 'theme' - lib\features\account\presentation\pages\subscription_checkout_page.dart:462:16 - undefined_identifier
  error - Undefined name 'theme' - lib\features\account\presentation\pages\subscription_checkout_page.dart:464:35 - undefined_identifier
  error - Invalid constant value - lib\features\account\presentation\pages\subscription_checkout_page.dart:475:20 - invalid_constant
  error - Undefined name 'colorScheme' - lib\features\account\presentation\pages\subscription_checkout_page.dart:475:20 - undefined_identifier
  error - Undefined name 'colorScheme' - lib\features\account\presentation\pages\subscription_checkout_page.dart:485:41 - undefined_identifier
warning - The declaration '_handleSessionExpired' isn't referenced - lib\features\auth\presentation\cubit\auth_cubit.dart:14:8 - unused_element
  error - Expected an identifier - lib\features\auth\presentation\pages\change_password_page.dart:27:39 - missing_identifier
  error - Expected to find ';' - lib\features\auth\presentation\pages\change_password_page.dart:27:39 - expected_token
  error - Expected to find ';' - lib\features\auth\presentation\pages\change_password_page.dart:27:40 - expected_token
  error - Undefined name 'n' - lib\features\auth\presentation\pages\change_password_page.dart:27:40 - undefined_identifier
  error - Expected an identifier - lib\features\auth\presentation\pages\change_password_page.dart:27:77 - missing_identifier
  error - Expected to find ';' - lib\features\auth\presentation\pages\change_password_page.dart:27:77 - expected_token
  error - Expected to find ';' - lib\features\auth\presentation\pages\change_password_page.dart:27:78 - expected_token
  error - Undefined name 'n' - lib\features\auth\presentation\pages\change_password_page.dart:27:78 - undefined_identifier
  error - Invalid constant value - lib\features\auth\presentation\pages\change_password_page.dart:39:20 - invalid_constant
  error - Invalid constant value - lib\features\auth\presentation\pages\change_password_page.dart:44:53 - invalid_constant
  error - Invalid constant value - lib\features\auth\presentation\pages\change_password_page.dart:104:34 - invalid_constant
  error - Invalid constant value - lib\features\auth\presentation\pages\change_password_page.dart:130:20 - invalid_constant
  error - Undefined name 'colorScheme' - lib\features\auth\presentation\pages\change_password_page.dart:130:20 - undefined_identifier
  error - Undefined name 'theme' - lib\features\auth\presentation\pages\change_password_page.dart:136:20 - undefined_identifier
  error - Undefined name 'colorScheme' - lib\features\auth\presentation\pages\change_password_page.dart:140:24 - undefined_identifier
  error - Undefined name 'theme' - lib\features\auth\presentation\pages\change_password_page.dart:151:43 - undefined_identifier
  error - Undefined name 'theme' - lib\features\auth\presentation\pages\change_password_page.dart:157:26 - undefined_identifier
warning - The value of the field '_formKey' isn't used - lib\features\auth\presentation\pages\confirmation_email_page.dart:19:9 - unused_field
  error - Expected an identifier - lib\features\auth\presentation\pages\confirmation_email_page.dart:104:39 - missing_identifier
  error - Expected to find ';' - lib\features\auth\presentation\pages\confirmation_email_page.dart:104:39 - expected_token
  error - Expected to find ';' - lib\features\auth\presentation\pages\confirmation_email_page.dart:104:40 - expected_token
  error - Undefined name 'n' - lib\features\auth\presentation\pages\confirmation_email_page.dart:104:40 - undefined_identifier
  error - Expected an identifier - lib\features\auth\presentation\pages\confirmation_email_page.dart:104:77 - missing_identifier
  error - Expected to find ';' - lib\features\auth\presentation\pages\confirmation_email_page.dart:104:77 - expected_token
  error - Expected to find ';' - lib\features\auth\presentation\pages\confirmation_email_page.dart:104:78 - expected_token
  error - Undefined name 'n' - lib\features\auth\presentation\pages\confirmation_email_page.dart:104:78 - undefined_identifier
  error - Invalid constant value - lib\features\auth\presentation\pages\confirmation_email_page.dart:200:42 - invalid_constant
  error - Invalid constant value - lib\features\auth\presentation\pages\confirmation_email_page.dart:207:42 - invalid_constant
  error - Invalid constant value - lib\features\auth\presentation\pages\confirmation_email_page.dart:254:42 - invalid_constant
  error - Invalid constant value - lib\features\auth\presentation\pages\confirmation_email_page.dart:261:42 - invalid_constant
   info - Invalid use of a private type in a public API - lib\features\auth\presentation\pages\forgot_password_page.dart:13:3 - library_private_types_in_public_api
  error - Invalid constant value - lib\features\auth\presentation\pages\forgot_password_page.dart:25:41 - invalid_constant
  error - Undefined name 'colorScheme' - lib\features\auth\presentation\pages\forgot_password_page.dart:25:41 - undefined_identifier
  error - Invalid constant value - lib\features\auth\presentation\pages\forgot_password_page.dart:33:39 - invalid_constant
  error - Undefined name 'theme' - lib\features\auth\presentation\pages\forgot_password_page.dart:33:39 - undefined_identifier
  error - Invalid constant value - lib\features\auth\presentation\pages\forgot_password_page.dart:37:39 - invalid_constant
  error - Undefined name 'theme' - lib\features\auth\presentation\pages\forgot_password_page.dart:37:39 - undefined_identifier
  error - Invalid constant value - lib\features\auth\presentation\pages\forgot_password_page.dart:41:39 - invalid_constant
  error - Undefined name 'theme' - lib\features\auth\presentation\pages\forgot_password_page.dart:41:39 - undefined_identifier
  error - Expected an identifier - lib\features\auth\presentation\pages\forgot_password_page.dart:71:39 - missing_identifier
  error - Expected to find ';' - lib\features\auth\presentation\pages\forgot_password_page.dart:71:39 - expected_token
  error - Expected to find ';' - lib\features\auth\presentation\pages\forgot_password_page.dart:71:40 - expected_token
  error - Undefined name 'n' - lib\features\auth\presentation\pages\forgot_password_page.dart:71:40 - undefined_identifier
  error - Expected an identifier - lib\features\auth\presentation\pages\forgot_password_page.dart:71:77 - missing_identifier
  error - Expected to find ';' - lib\features\auth\presentation\pages\forgot_password_page.dart:71:77 - expected_token
  error - Expected to find ';' - lib\features\auth\presentation\pages\forgot_password_page.dart:71:78 - expected_token
  error - Undefined name 'n' - lib\features\auth\presentation\pages\forgot_password_page.dart:71:78 - undefined_identifier
  error - Invalid constant value - lib\features\auth\presentation\pages\forgot_password_page.dart:151:42 - invalid_constant
   info - Invalid use of a private type in a public API - lib\features\auth\presentation\pages\login_page.dart:15:3 - library_private_types_in_public_api
warning - The value of the field '_rememberMe' isn't used - lib\features\auth\presentation\pages\login_page.dart:21:14 - unused_field
warning - The value of the field '_authData' isn't used - lib\features\auth\presentation\pages\login_page.dart:23:29 - unused_field
  error - Expected an identifier - lib\features\auth\presentation\pages\login_page.dart:48:39 - missing_identifier
  error - Expected to find ';' - lib\features\auth\presentation\pages\login_page.dart:48:39 - expected_token
  error - Expected to find ';' - lib\features\auth\presentation\pages\login_page.dart:48:40 - expected_token
  error - Undefined name 'n' - lib\features\auth\presentation\pages\login_page.dart:48:40 - undefined_identifier
  error - Expected an identifier - lib\features\auth\presentation\pages\login_page.dart:48:77 - missing_identifier
  error - Expected to find ';' - lib\features\auth\presentation\pages\login_page.dart:48:77 - expected_token
  error - Expected to find ';' - lib\features\auth\presentation\pages\login_page.dart:48:78 - expected_token
  error - Undefined name 'n' - lib\features\auth\presentation\pages\login_page.dart:48:78 - undefined_identifier
  error - Invalid constant value - lib\features\auth\presentation\pages\login_page.dart:82:38 - invalid_constant
  error - Invalid constant value - lib\features\auth\presentation\pages\login_page.dart:168:46 - invalid_constant
  error - Invalid constant value - lib\features\auth\presentation\pages\login_page.dart:183:48 - invalid_constant
  error - The getter 'scaffoldBackgroundColor0' isn't defined for the type 'ThemeData' - lib\features\auth\presentation\pages\login_page.dart:221:46 - undefined_getter
  error - Undefined name 'theme' - lib\features\auth\presentation\pages\login_page.dart:269:28 - undefined_identifier
warning - The value of the local variable 'auth' isn't used - lib\features\auth\presentation\pages\otp_page.dart:81:13 - unused_local_variable
warning - The declaration '_showSuccessBottomSheet' isn't referenced - lib\features\auth\presentation\pages\otp_page.dart:96:8 - unused_element
  error - Expected an identifier - lib\features\auth\presentation\pages\otp_page.dart:171:39 - missing_identifier
  error - Expected to find ';' - lib\features\auth\presentation\pages\otp_page.dart:171:39 - expected_token
  error - Expected to find ';' - lib\features\auth\presentation\pages\otp_page.dart:171:40 - expected_token
  error - Undefined name 'n' - lib\features\auth\presentation\pages\otp_page.dart:171:40 - undefined_identifier
  error - Expected an identifier - lib\features\auth\presentation\pages\otp_page.dart:171:77 - missing_identifier
  error - Expected to find ';' - lib\features\auth\presentation\pages\otp_page.dart:171:77 - expected_token
  error - Expected to find ';' - lib\features\auth\presentation\pages\otp_page.dart:171:78 - expected_token
  error - Undefined name 'n' - lib\features\auth\presentation\pages\otp_page.dart:171:78 - undefined_identifier
warning - The value of the local variable 'colorScheme' isn't used - lib\features\auth\presentation\pages\otp_page.dart:171:89 - unused_local_variable
   info - Invalid use of a private type in a public API - lib\features\auth\presentation\pages\reset_password_page.dart:12:3 - library_private_types_in_public_api
  error - Invalid constant value - lib\features\auth\presentation\pages\reset_password_page.dart:28:41 - invalid_constant
  error - Undefined name 'colorScheme' - lib\features\auth\presentation\pages\reset_password_page.dart:28:41 - undefined_identifier
  error - Invalid constant value - lib\features\auth\presentation\pages\reset_password_page.dart:37:39 - invalid_constant
  error - Undefined name 'theme' - lib\features\auth\presentation\pages\reset_password_page.dart:37:39 - undefined_identifier
  error - Invalid constant value - lib\features\auth\presentation\pages\reset_password_page.dart:41:39 - invalid_constant
  error - Undefined name 'theme' - lib\features\auth\presentation\pages\reset_password_page.dart:41:39 - undefined_identifier
  error - Invalid constant value - lib\features\auth\presentation\pages\reset_password_page.dart:45:39 - invalid_constant
  error - Undefined name 'theme' - lib\features\auth\presentation\pages\reset_password_page.dart:45:39 - undefined_identifier
  error - Expected an identifier - lib\features\auth\presentation\pages\reset_password_page.dart:76:39 - missing_identifier
  error - Expected to find ';' - lib\features\auth\presentation\pages\reset_password_page.dart:76:39 - expected_token
  error - Expected to find ';' - lib\features\auth\presentation\pages\reset_password_page.dart:76:40 - expected_token
  error - Undefined name 'n' - lib\features\auth\presentation\pages\reset_password_page.dart:76:40 - undefined_identifier
  error - Expected an identifier - lib\features\auth\presentation\pages\reset_password_page.dart:76:77 - missing_identifier
  error - Expected to find ';' - lib\features\auth\presentation\pages\reset_password_page.dart:76:77 - expected_token
  error - Expected to find ';' - lib\features\auth\presentation\pages\reset_password_page.dart:76:78 - expected_token
  error - Undefined name 'n' - lib\features\auth\presentation\pages\reset_password_page.dart:76:78 - undefined_identifier
  error - Invalid constant value - lib\features\auth\presentation\pages\reset_password_page.dart:209:42 - invalid_constant
   info - Invalid use of a private type in a public API - lib\features\auth\presentation\pages\signup_page.dart:13:3 - library_private_types_in_public_api
  error - Undefined name 'theme' - lib\features\auth\presentation\pages\signup_page.dart:70:18 - undefined_identifier
  error - Invalid constant value - lib\features\auth\presentation\pages\signup_page.dart:73:41 - invalid_constant
  error - Undefined name 'colorScheme' - lib\features\auth\presentation\pages\signup_page.dart:73:41 - undefined_identifier
  error - Undefined name 'theme' - lib\features\auth\presentation\pages\signup_page.dart:78:39 - undefined_identifier
  error - Expected an identifier - lib\features\auth\presentation\pages\signup_page.dart:96:39 - missing_identifier
  error - Expected to find ';' - lib\features\auth\presentation\pages\signup_page.dart:96:39 - expected_token
  error - Expected to find ';' - lib\features\auth\presentation\pages\signup_page.dart:96:40 - expected_token
  error - Undefined name 'n' - lib\features\auth\presentation\pages\signup_page.dart:96:40 - undefined_identifier
  error - Expected an identifier - lib\features\auth\presentation\pages\signup_page.dart:96:77 - missing_identifier
  error - Expected to find ';' - lib\features\auth\presentation\pages\signup_page.dart:96:77 - expected_token
  error - Expected to find ';' - lib\features\auth\presentation\pages\signup_page.dart:96:78 - expected_token
  error - Undefined name 'n' - lib\features\auth\presentation\pages\signup_page.dart:96:78 - undefined_identifier
  error - Invalid constant value - lib\features\auth\presentation\pages\signup_page.dart:130:38 - invalid_constant
  error - Invalid constant value - lib\features\auth\presentation\pages\signup_page.dart:279:48 - invalid_constant
  error - Invalid constant value - lib\features\auth\presentation\pages\signup_page.dart:291:63 - invalid_constant
  error - Invalid constant value - lib\features\auth\presentation\pages\signup_page.dart:305:42 - invalid_constant
  error - Expected an identifier - lib\features\auth\presentation\pages\splash_page.dart:65:39 - missing_identifier
  error - Expected to find ';' - lib\features\auth\presentation\pages\splash_page.dart:65:39 - expected_token
  error - Expected to find ';' - lib\features\auth\presentation\pages\splash_page.dart:65:40 - expected_token
  error - Undefined name 'n' - lib\features\auth\presentation\pages\splash_page.dart:65:40 - undefined_identifier
  error - Expected an identifier - lib\features\auth\presentation\pages\splash_page.dart:65:77 - missing_identifier
  error - Expected to find ';' - lib\features\auth\presentation\pages\splash_page.dart:65:77 - expected_token
  error - Expected to find ';' - lib\features\auth\presentation\pages\splash_page.dart:65:78 - expected_token
  error - Undefined name 'n' - lib\features\auth\presentation\pages\splash_page.dart:65:78 - undefined_identifier
warning - The value of the local variable 'colorScheme' isn't used - lib\features\auth\presentation\pages\splash_page.dart:65:89 - unused_local_variable
  error - Expected an identifier - lib\features\chat\presentation\chat_conversation_page.dart:88:39 - missing_identifier
  error - Expected to find ';' - lib\features\chat\presentation\chat_conversation_page.dart:88:39 - expected_token
  error - Expected to find ';' - lib\features\chat\presentation\chat_conversation_page.dart:88:40 - expected_token
  error - Undefined name 'n' - lib\features\chat\presentation\chat_conversation_page.dart:88:40 - undefined_identifier
  error - Expected an identifier - lib\features\chat\presentation\chat_conversation_page.dart:88:77 - missing_identifier
  error - Expected to find ';' - lib\features\chat\presentation\chat_conversation_page.dart:88:77 - expected_token
  error - Expected to find ';' - lib\features\chat\presentation\chat_conversation_page.dart:88:78 - expected_token
  error - Undefined name 'n' - lib\features\chat\presentation\chat_conversation_page.dart:88:78 - undefined_identifier
  error - Invalid constant value - lib\features\chat\presentation\chat_conversation_page.dart:95:53 - invalid_constant
   info - 'withOpacity' is deprecated and shouldn't be used. Use .withValues() to avoid precision loss - lib\features\chat\presentation\chat_conversation_page.dart:102:62 - deprecated_member_use
  error - Invalid constant value - lib\features\chat\presentation\chat_conversation_page.dart:108:26 - invalid_constant
  error - Invalid constant value - lib\features\chat\presentation\chat_conversation_page.dart:121:30 - invalid_constant
  error - Invalid constant value - lib\features\chat\presentation\chat_conversation_page.dart:128:45 - invalid_constant
  error - The getter 'scaffoldBackgroundColor70' isn't defined for the type 'ThemeData' - lib\features\chat\presentation\chat_conversation_page.dart:128:51 - undefined_getter
  error - Invalid constant value - lib\features\chat\presentation\chat_conversation_page.dart:137:49 - invalid_constant
  error - Invalid constant value - lib\features\chat\presentation\chat_conversation_page.dart:141:54 - invalid_constant
   info - 'withOpacity' is deprecated and shouldn't be used. Use .withValues() to avoid precision loss - lib\features\chat\presentation\chat_conversation_page.dart:183:48 - deprecated_member_use
  error - Invalid constant value - lib\features\chat\presentation\chat_conversation_page.dart:193:62 - invalid_constant
  error - Invalid constant value - lib\features\chat\presentation\chat_conversation_page.dart:211:34 - invalid_constant
  error - The getter 'onSurface38' isn't defined for the type 'ColorScheme' - lib\features\chat\presentation\chat_conversation_page.dart:211:46 - undefined_getter
  error - Invalid constant value - lib\features\chat\presentation\chat_conversation_page.dart:232:30 - invalid_constant
  error - Invalid constant value - lib\features\chat\presentation\chat_conversation_page.dart:237:30 - invalid_constant
  error - Expected an identifier - lib\features\chat\presentation\chat_conversation_page.dart:259:39 - missing_identifier
  error - Expected to find ';' - lib\features\chat\presentation\chat_conversation_page.dart:259:39 - expected_token
  error - Expected to find ';' - lib\features\chat\presentation\chat_conversation_page.dart:259:40 - expected_token
  error - Undefined name 'n' - lib\features\chat\presentation\chat_conversation_page.dart:259:40 - undefined_identifier
  error - Expected an identifier - lib\features\chat\presentation\chat_conversation_page.dart:259:77 - missing_identifier
  error - Expected to find ';' - lib\features\chat\presentation\chat_conversation_page.dart:259:77 - expected_token
  error - Expected to find ';' - lib\features\chat\presentation\chat_conversation_page.dart:259:78 - expected_token
  error - Undefined name 'n' - lib\features\chat\presentation\chat_conversation_page.dart:259:78 - undefined_identifier
   info - 'withOpacity' is deprecated and shouldn't be used. Use .withValues() to avoid precision loss - lib\features\chat\presentation\chat_conversation_page.dart:264:38 - deprecated_member_use
  error - Methods can't be invoked in constant expressions - lib\features\chat\presentation\chat_conversation_page.dart:269:53 - const_eval_method_invocation
   info - 'withOpacity' is deprecated and shouldn't be used. Use .withValues() to avoid precision loss - lib\features\chat\presentation\chat_conversation_page.dart:269:75 - deprecated_member_use
  error - Expected an identifier - lib\features\chat\presentation\chat_conversation_page.dart:282:39 - missing_identifier
  error - Expected to find ';' - lib\features\chat\presentation\chat_conversation_page.dart:282:39 - expected_token
  error - Expected to find ';' - lib\features\chat\presentation\chat_conversation_page.dart:282:40 - expected_token
  error - Undefined name 'n' - lib\features\chat\presentation\chat_conversation_page.dart:282:40 - undefined_identifier
  error - Expected an identifier - lib\features\chat\presentation\chat_conversation_page.dart:282:77 - missing_identifier
  error - Expected to find ';' - lib\features\chat\presentation\chat_conversation_page.dart:282:77 - expected_token
  error - Expected to find ';' - lib\features\chat\presentation\chat_conversation_page.dart:282:78 - expected_token
  error - Undefined name 'n' - lib\features\chat\presentation\chat_conversation_page.dart:282:78 - undefined_identifier
   info - 'withOpacity' is deprecated and shouldn't be used. Use .withValues() to avoid precision loss - lib\features\chat\presentation\chat_conversation_page.dart:307:44 - deprecated_member_use
  error - The getter 'scaffoldBackgroundColor70' isn't defined for the type 'ThemeData' - lib\features\chat\presentation\chat_conversation_page.dart:332:41 - undefined_getter
  error - The getter 'onSurface38' isn't defined for the type 'ColorScheme' - lib\features\chat\presentation\chat_conversation_page.dart:332:81 - undefined_getter
   info - 'withOpacity' is deprecated and shouldn't be used. Use .withValues() to avoid precision loss - lib\features\chat\presentation\chat_conversation_page.dart:341:58 - deprecated_member_use
  error - Expected an identifier - lib\features\chat\presentation\chat_page.dart:9:39 - missing_identifier
  error - Expected to find ';' - lib\features\chat\presentation\chat_page.dart:9:39 - expected_token
  error - Expected to find ';' - lib\features\chat\presentation\chat_page.dart:9:40 - expected_token
  error - Undefined name 'n' - lib\features\chat\presentation\chat_page.dart:9:40 - undefined_identifier
  error - Expected an identifier - lib\features\chat\presentation\chat_page.dart:9:77 - missing_identifier
  error - Expected to find ';' - lib\features\chat\presentation\chat_page.dart:9:77 - expected_token
  error - Expected to find ';' - lib\features\chat\presentation\chat_page.dart:9:78 - expected_token
  error - Undefined name 'n' - lib\features\chat\presentation\chat_page.dart:9:78 - undefined_identifier
  error - Invalid constant value - lib\features\chat\presentation\chat_page.dart:14:62 - invalid_constant
  error - Expected an identifier - lib\features\chat\presentation\chat_page.dart:61:39 - missing_identifier
  error - Expected to find ';' - lib\features\chat\presentation\chat_page.dart:61:39 - expected_token
  error - Expected to find ';' - lib\features\chat\presentation\chat_page.dart:61:40 - expected_token
  error - Undefined name 'n' - lib\features\chat\presentation\chat_page.dart:61:40 - undefined_identifier
  error - Expected an identifier - lib\features\chat\presentation\chat_page.dart:61:77 - missing_identifier
  error - Expected to find ';' - lib\features\chat\presentation\chat_page.dart:61:77 - expected_token
  error - Expected to find ';' - lib\features\chat\presentation\chat_page.dart:61:78 - expected_token
  error - Undefined name 'n' - lib\features\chat\presentation\chat_page.dart:61:78 - undefined_identifier
  error - Invalid constant value - lib\features\chat\presentation\chat_page.dart:100:51 - invalid_constant
  error - Invalid constant value - lib\features\home\home_page.dart:13:16 - invalid_constant
  error - Undefined name 'theme' - lib\features\home\home_page.dart:13:16 - undefined_identifier
  error - Undefined name 'theme' - lib\features\home\home_page.dart:23:22 - undefined_identifier
  error - Expected an identifier - lib\features\home\home_page.dart:93:39 - missing_identifier
  error - Expected to find ';' - lib\features\home\home_page.dart:93:39 - expected_token
  error - Expected to find ';' - lib\features\home\home_page.dart:93:40 - expected_token
  error - Undefined name 'n' - lib\features\home\home_page.dart:93:40 - undefined_identifier
  error - Expected an identifier - lib\features\home\home_page.dart:93:77 - missing_identifier
  error - Expected to find ';' - lib\features\home\home_page.dart:93:77 - expected_token
  error - Expected to find ';' - lib\features\home\home_page.dart:93:78 - expected_token
  error - Undefined name 'n' - lib\features\home\home_page.dart:93:78 - undefined_identifier
warning - The value of the local variable 'colorScheme' isn't used - lib\features\home\home_page.dart:93:89 - unused_local_variable
   info - 'withOpacity' is deprecated and shouldn't be used. Use .withValues() to avoid precision loss - lib\features\home\home_page.dart:99:24 - deprecated_member_use
   info - 'withOpacity' is deprecated and shouldn't be used. Use .withValues() to avoid precision loss - lib\features\home\home_page.dart:101:43 - deprecated_member_use
   info - 'withOpacity' is deprecated and shouldn't be used. Use .withValues() to avoid precision loss - lib\features\home\home_page.dart:107:38 - deprecated_member_use
  error - Expected an identifier - lib\features\home\home_page.dart:130:39 - missing_identifier
  error - Expected to find ';' - lib\features\home\home_page.dart:130:39 - expected_token
  error - Expected to find ';' - lib\features\home\home_page.dart:130:40 - expected_token
  error - Undefined name 'n' - lib\features\home\home_page.dart:130:40 - undefined_identifier
  error - Expected an identifier - lib\features\home\home_page.dart:130:77 - missing_identifier
  error - Expected to find ';' - lib\features\home\home_page.dart:130:77 - expected_token
  error - Expected to find ';' - lib\features\home\home_page.dart:130:78 - expected_token
  error - Undefined name 'n' - lib\features\home\home_page.dart:130:78 - undefined_identifier
  error - Invalid constant value - lib\features\home\home_page.dart:138:35 - invalid_constant
  error - Invalid constant value - lib\features\home\home_page.dart:144:45 - invalid_constant
  error - Expected an identifier - lib\features\home\home_page.dart:241:39 - missing_identifier
  error - Expected to find ';' - lib\features\home\home_page.dart:241:39 - expected_token
  error - Expected to find ';' - lib\features\home\home_page.dart:241:40 - expected_token
  error - Undefined name 'n' - lib\features\home\home_page.dart:241:40 - undefined_identifier
  error - Expected an identifier - lib\features\home\home_page.dart:241:77 - missing_identifier
  error - Expected to find ';' - lib\features\home\home_page.dart:241:77 - expected_token
  error - Expected to find ';' - lib\features\home\home_page.dart:241:78 - expected_token
  error - Undefined name 'n' - lib\features\home\home_page.dart:241:78 - undefined_identifier
   info - 'withOpacity' is deprecated and shouldn't be used. Use .withValues() to avoid precision loss - lib\features\home\home_page.dart:254:38 - deprecated_member_use
  error - Methods can't be invoked in constant expressions - lib\features\home\home_page.dart:262:59 - const_eval_method_invocation
   info - 'withOpacity' is deprecated and shouldn't be used. Use .withValues() to avoid precision loss - lib\features\home\home_page.dart:262:81 - deprecated_member_use
warning - A value for optional parameter 'initialLikes' isn't ever given - lib\features\home\home_page.dart:285:10 - unused_element_parameter
warning - A value for optional parameter 'initialDislikes' isn't ever given - lib\features\home\home_page.dart:286:10 - unused_element_parameter
warning - A value for optional parameter 'initialComments' isn't ever given - lib\features\home\home_page.dart:287:10 - unused_element_parameter
  error - Expected an identifier - lib\features\home\home_page.dart:355:39 - missing_identifier
  error - Expected to find ';' - lib\features\home\home_page.dart:355:39 - expected_token
  error - Expected to find ';' - lib\features\home\home_page.dart:355:40 - expected_token
  error - Undefined name 'n' - lib\features\home\home_page.dart:355:40 - undefined_identifier
  error - Expected an identifier - lib\features\home\home_page.dart:355:77 - missing_identifier
  error - Expected to find ';' - lib\features\home\home_page.dart:355:77 - expected_token
  error - Expected to find ';' - lib\features\home\home_page.dart:355:78 - expected_token
  error - Undefined name 'n' - lib\features\home\home_page.dart:355:78 - undefined_identifier
  error - Invalid constant value - lib\features\home\home_page.dart:377:30 - invalid_constant
   info - 'withOpacity' is deprecated and shouldn't be used. Use .withValues() to avoid precision loss - lib\features\home\home_page.dart:435:54 - deprecated_member_use
  error - Expected an identifier - lib\features\home\home_page.dart:464:39 - missing_identifier
  error - Expected to find ';' - lib\features\home\home_page.dart:464:39 - expected_token
  error - Expected to find ';' - lib\features\home\home_page.dart:464:40 - expected_token
  error - Undefined name 'n' - lib\features\home\home_page.dart:464:40 - undefined_identifier
  error - Expected an identifier - lib\features\home\home_page.dart:464:77 - missing_identifier
  error - Expected to find ';' - lib\features\home\home_page.dart:464:77 - expected_token
  error - Expected to find ';' - lib\features\home\home_page.dart:464:78 - expected_token
  error - Undefined name 'n' - lib\features\home\home_page.dart:464:78 - undefined_identifier
   info - 'withOpacity' is deprecated and shouldn't be used. Use .withValues() to avoid precision loss - lib\features\home\home_page.dart:469:86 - deprecated_member_use
  error - Expected an identifier - lib\features\home\presentation\pages\create_post_page.dart:47:39 - missing_identifier
  error - Expected to find ';' - lib\features\home\presentation\pages\create_post_page.dart:47:39 - expected_token
  error - Expected to find ';' - lib\features\home\presentation\pages\create_post_page.dart:47:40 - expected_token
  error - Undefined name 'n' - lib\features\home\presentation\pages\create_post_page.dart:47:40 - undefined_identifier
  error - Expected an identifier - lib\features\home\presentation\pages\create_post_page.dart:47:77 - missing_identifier
  error - Expected to find ';' - lib\features\home\presentation\pages\create_post_page.dart:47:77 - expected_token
  error - Expected to find ';' - lib\features\home\presentation\pages\create_post_page.dart:47:78 - expected_token
  error - Undefined name 'n' - lib\features\home\presentation\pages\create_post_page.dart:47:78 - undefined_identifier
  error - Invalid constant value - lib\features\home\presentation\pages\create_post_page.dart:59:22 - invalid_constant
  error - Invalid constant value - lib\features\home\presentation\pages\create_post_page.dart:65:62 - invalid_constant
   info - 'withOpacity' is deprecated and shouldn't be used. Use .withValues() to avoid precision loss - lib\features\home\presentation\pages\create_post_page.dart:92:58 - deprecated_member_use
  error - Invalid constant value - lib\features\home\presentation\pages\create_post_page.dart:111:44 - invalid_constant
  error - Methods can't be invoked in constant expressions - lib\features\home\presentation\pages\create_post_page.dart:149:44 - const_eval_method_invocation
   info - 'withOpacity' is deprecated and shouldn't be used. Use .withValues() to avoid precision loss - lib\features\home\presentation\pages\create_post_page.dart:149:66 - deprecated_member_use
  error - Invalid constant value - lib\features\home\presentation\pages\create_post_page.dart:179:38 - invalid_constant
  error - Invalid constant value - lib\features\home\presentation\pages\create_post_page.dart:196:40 - invalid_constant
  error - The getter 'onSurface38' isn't defined for the type 'ColorScheme' - lib\features\home\presentation\pages\create_post_page.dart:196:52 - undefined_getter
  error - The getter 'scaffoldBackgroundColor0' isn't defined for the type 'ThemeData' - lib\features\home\presentation\pages\create_post_page.dart:229:42 - undefined_getter
   info - 'activeColor' is deprecated and shouldn't be used. Use activeThumbColor instead. This feature was deprecated after v3.31.0-2.0.pre - lib\features\home\presentation\pages\create_post_page.dart:257:29 - deprecated_member_use
   info - 'withOpacity' is deprecated and shouldn't be used. Use .withValues() to avoid precision loss - lib\features\home\presentation\pages\create_post_page.dart:276:56 - deprecated_member_use
   info - 'withOpacity' is deprecated and shouldn't be used. Use .withValues() to avoid precision loss - lib\features\home\presentation\pages\create_post_page.dart:288:60 - deprecated_member_use
  error - Methods can't be invoked in constant expressions - lib\features\home\presentation\pages\create_post_page.dart:296:40 - const_eval_method_invocation
   info - 'withOpacity' is deprecated and shouldn't be used. Use .withValues() to avoid precision loss - lib\features\home\presentation\pages\create_post_page.dart:296:62 - deprecated_member_use
  error - Invalid constant value - lib\features\home\presentation\pages\create_post_page.dart:330:30 - invalid_constant
  error - Expected an identifier - lib\features\home\presentation\widgets\comments_bottom_sheet.dart:117:39 - missing_identifier
  error - Expected to find ';' - lib\features\home\presentation\widgets\comments_bottom_sheet.dart:117:39 - expected_token
  error - Expected to find ';' - lib\features\home\presentation\widgets\comments_bottom_sheet.dart:117:40 - expected_token
  error - Undefined name 'n' - lib\features\home\presentation\widgets\comments_bottom_sheet.dart:117:40 - undefined_identifier
  error - Expected an identifier - lib\features\home\presentation\widgets\comments_bottom_sheet.dart:117:77 - missing_identifier
  error - Expected to find ';' - lib\features\home\presentation\widgets\comments_bottom_sheet.dart:117:77 - expected_token
  error - Expected to find ';' - lib\features\home\presentation\widgets\comments_bottom_sheet.dart:117:78 - expected_token
  error - Undefined name 'n' - lib\features\home\presentation\widgets\comments_bottom_sheet.dart:117:78 - undefined_identifier
  error - Methods can't be invoked in constant expressions - lib\features\home\presentation\widgets\comments_bottom_sheet.dart:155:57 - const_eval_method_invocation
   info - 'withOpacity' is deprecated and shouldn't be used. Use .withValues() to avoid precision loss - lib\features\home\presentation\widgets\comments_bottom_sheet.dart:155:79 - deprecated_member_use
  error - Invalid constant value - lib\features\home\presentation\widgets\comments_bottom_sheet.dart:171:46 - invalid_constant
  error - The getter 'onSurface26' isn't defined for the type 'ColorScheme' - lib\features\home\presentation\widgets\comments_bottom_sheet.dart:171:58 - undefined_getter
  error - The getter 'onSurface45' isn't defined for the type 'ColorScheme' - lib\features\home\presentation\widgets\comments_bottom_sheet.dart:175:63 - undefined_getter
  error - The getter 'onSurface38' isn't defined for the type 'ColorScheme' - lib\features\home\presentation\widgets\comments_bottom_sheet.dart:180:60 - undefined_getter
   info - 'withOpacity' is deprecated and shouldn't be used. Use .withValues() to avoid precision loss - lib\features\home\presentation\widgets\comments_bottom_sheet.dart:203:42 - deprecated_member_use
  error - Invalid constant value - lib\features\home\presentation\widgets\comments_bottom_sheet.dart:206:60 - invalid_constant
  error - Invalid constant value - lib\features\home\presentation\widgets\comments_bottom_sheet.dart:212:32 - invalid_constant
  error - Invalid constant value - lib\features\home\presentation\widgets\comments_bottom_sheet.dart:220:42 - invalid_constant
   info - 'withOpacity' is deprecated and shouldn't be used. Use .withValues() to avoid precision loss - lib\features\home\presentation\widgets\comments_bottom_sheet.dart:238:48 - deprecated_member_use
  error - Invalid constant value - lib\features\home\presentation\widgets\comments_bottom_sheet.dart:248:36 - invalid_constant
  error - Invalid constant value - lib\features\home\presentation\widgets\comments_bottom_sheet.dart:263:34 - invalid_constant
  error - The getter 'onSurface38' isn't defined for the type 'ColorScheme' - lib\features\home\presentation\widgets\comments_bottom_sheet.dart:263:46 - undefined_getter
  error - Invalid constant value - lib\features\home\presentation\widgets\comments_bottom_sheet.dart:282:30 - invalid_constant
  error - Invalid constant value - lib\features\home\presentation\widgets\comments_bottom_sheet.dart:286:32 - invalid_constant
  error - Expected an identifier - lib\features\home\presentation\widgets\comments_bottom_sheet.dart:318:39 - missing_identifier
  error - Expected to find ';' - lib\features\home\presentation\widgets\comments_bottom_sheet.dart:318:39 - expected_token
  error - Expected to find ';' - lib\features\home\presentation\widgets\comments_bottom_sheet.dart:318:40 - expected_token
  error - Undefined name 'n' - lib\features\home\presentation\widgets\comments_bottom_sheet.dart:318:40 - undefined_identifier
  error - Expected an identifier - lib\features\home\presentation\widgets\comments_bottom_sheet.dart:318:77 - missing_identifier
  error - Expected to find ';' - lib\features\home\presentation\widgets\comments_bottom_sheet.dart:318:77 - expected_token
  error - Expected to find ';' - lib\features\home\presentation\widgets\comments_bottom_sheet.dart:318:78 - expected_token
  error - Undefined name 'n' - lib\features\home\presentation\widgets\comments_bottom_sheet.dart:318:78 - undefined_identifier
   info - 'withOpacity' is deprecated and shouldn't be used. Use .withValues() to avoid precision loss - lib\features\home\presentation\widgets\comments_bottom_sheet.dart:333:54 - deprecated_member_use
  error - Invalid constant value - lib\features\home\presentation\widgets\comments_bottom_sheet.dart:337:28 - invalid_constant
  error - Invalid constant value - lib\features\home\presentation\widgets\comments_bottom_sheet.dart:362:36 - invalid_constant
  error - The getter 'onSurface38' isn't defined for the type 'ColorScheme' - lib\features\home\presentation\widgets\comments_bottom_sheet.dart:362:48 - undefined_getter
  error - Invalid constant value - lib\features\home\presentation\widgets\comments_bottom_sheet.dart:381:34 - invalid_constant
  error - The getter 'onSurface26' isn't defined for the type 'ColorScheme' - lib\features\home\presentation\widgets\comments_bottom_sheet.dart:408:42 - undefined_getter
  error - Invalid constant value - lib\features\home\presentation\widgets\comments_bottom_sheet.dart:416:32 - invalid_constant
  error - The getter 'onSurface45' isn't defined for the type 'ColorScheme' - lib\features\home\presentation\widgets\comments_bottom_sheet.dart:416:44 - undefined_getter
   info - 'withOpacity' is deprecated and shouldn't be used. Use .withValues() to avoid precision loss - lib\features\home\presentation\widgets\comments_bottom_sheet.dart:440:51 - deprecated_member_use
  error - Invalid constant value - lib\features\home\presentation\widgets\comments_bottom_sheet.dart:446:38 - invalid_constant
  error - Invalid constant value - lib\features\home\presentation\widgets\comments_bottom_sheet.dart:470:46 - invalid_constant
  error - The getter 'onSurface38' isn't defined for the type 'ColorScheme' - lib\features\home\presentation\widgets\comments_bottom_sheet.dart:470:58 - undefined_getter
  error - Expected an identifier - lib\features\main\main_shell_page.dart:19:39 - missing_identifier
  error - Expected to find ';' - lib\features\main\main_shell_page.dart:19:39 - expected_token
  error - Expected to find ';' - lib\features\main\main_shell_page.dart:19:40 - expected_token
  error - Undefined name 'n' - lib\features\main\main_shell_page.dart:19:40 - undefined_identifier
  error - Expected an identifier - lib\features\main\main_shell_page.dart:19:77 - missing_identifier
  error - Expected to find ';' - lib\features\main\main_shell_page.dart:19:77 - expected_token
  error - Expected to find ';' - lib\features\main\main_shell_page.dart:19:78 - expected_token
  error - Undefined name 'n' - lib\features\main\main_shell_page.dart:19:78 - undefined_identifier
warning - The value of the local variable 'colorScheme' isn't used - lib\features\main\main_shell_page.dart:19:89 - unused_local_variable
  error - Undefined name 'theme' - lib\features\main\main_shell_page.dart:42:24 - undefined_identifier
  error - Undefined name 'colorScheme' - lib\features\main\main_shell_page.dart:43:26 - undefined_identifier
  error - Undefined name 'colorScheme' - lib\features\main\main_shell_page.dart:44:28 - undefined_identifier
  error - Expected an identifier - lib\features\notification\notifications_page.dart:8:39 - missing_identifier
  error - Expected to find ';' - lib\features\notification\notifications_page.dart:8:39 - expected_token
  error - Expected to find ';' - lib\features\notification\notifications_page.dart:8:40 - expected_token
  error - Undefined name 'n' - lib\features\notification\notifications_page.dart:8:40 - undefined_identifier
  error - Expected an identifier - lib\features\notification\notifications_page.dart:8:77 - missing_identifier
  error - Expected to find ';' - lib\features\notification\notifications_page.dart:8:77 - expected_token
  error - Expected to find ';' - lib\features\notification\notifications_page.dart:8:78 - expected_token
  error - Undefined name 'n' - lib\features\notification\notifications_page.dart:8:78 - undefined_identifier
  error - Invalid constant value - lib\features\notification\notifications_page.dart:13:64 - invalid_constant
  error - Expected an identifier - lib\features\notification\notifications_page.dart:40:39 - missing_identifier
  error - Expected to find ';' - lib\features\notification\notifications_page.dart:40:39 - expected_token
  error - Expected to find ';' - lib\features\notification\notifications_page.dart:40:40 - expected_token
  error - Undefined name 'n' - lib\features\notification\notifications_page.dart:40:40 - undefined_identifier
  error - Expected an identifier - lib\features\notification\notifications_page.dart:40:77 - missing_identifier
  error - Expected to find ';' - lib\features\notification\notifications_page.dart:40:77 - expected_token
  error - Expected to find ';' - lib\features\notification\notifications_page.dart:40:78 - expected_token
  error - Undefined name 'n' - lib\features\notification\notifications_page.dart:40:78 - undefined_identifier
  error - Invalid constant value - lib\features\notification\notifications_page.dart:46:18 - invalid_constant
  error - Methods can't be invoked in constant expressions - lib\features\notification\notifications_page.dart:51:55 - const_eval_method_invocation
   info - 'withOpacity' is deprecated and shouldn't be used. Use .withValues() to avoid precision loss - lib\features\notification\notifications_page.dart:51:77 - deprecated_member_use
warning - Unused import: 'package:mafqood/main.dart' - test\widget_test.dart:11:8 - unused_import

